{
    "name": "Updated hotel name",
    "map": {
        "latitude": 50.0,
        "longitude": 50.0
    },
    "logoUrl": "https://www.valid.com/link/to/logo",
    "description": "Description update",
    "contact": {
        "name": "Update name",
        "address": "Update address",
        "phone": "9999999999",
        "email": "update@email.com"
    }
}
