{
    "report": [
        {
            "start": "2018-01-01",
            "end": "2018-01-05",
            "title": "Unavailable"
        },
        {
            "start": "2018-02-01",
            "end": "2018-02-05",
            "title": "Unavailable"
        }
    ]
}
