{
    "report": [
        {
            "start": "2018-01-01",
            "end": "2018-01-05",
            "title": "James Dean - Room: 101"
        },
        {
            "start": "2018-02-01",
            "end": "2018-02-05",
            "title": "Mark Winteringham - Room: 101"
        },
        {
            "start": "2018-03-01",
            "end": "2018-03-05",
            "title": "James Dean - Room: 102"
        },
        {
            "start": "2018-04-01",
            "end": "2018-04-05",
            "title": "Mark Winteringham - Room: 102"
        }
    ]
}
