{"name":"Mark Winteringham","email":"mark@mwtestconsultancy.co.uk","phone":"01292123456","subject":"You have a new booking!","description":"You have a new booking from Mark Winteringham. They have booked a room for the following dates: 1990-02-01 to 1990-02-02"}
