{
    "messageid": 3,
    "name": "Mark",
    "email": "test@email.com",
    "phone": "01234556789",
    "subject": "Subject line goes in here for display",
    "description": "Description details here to give info on request"
}
